\BOOKMARK [1][-]{section.1}{\376\377\301\034\270\140}{}% 1
\BOOKMARK [2][-]{subsection.1.1}{\376\377\256\060\305\354\310\020}{section.1}% 2
\BOOKMARK [1][-]{section.2}{\376\377\302\334\302\244\321\134\000\040\254\034\306\224}{}% 3
\BOOKMARK [1][-]{section.3}{\376\377\254\365\254\251\000\040\272\250\263\170}{}% 4
\BOOKMARK [1][-]{section.4}{\376\377\000T\000A\000-\000B\000R\000P\000L\000\040\301\044\254\304}{}% 5
\BOOKMARK [2][-]{subsection.4.1}{\376\377\000T\000r\000u\000s\000t\000\040\307\205\270\045}{section.4}% 6
\BOOKMARK [2][-]{subsection.4.2}{\376\377\000B\000R\000P\000L\000\040\000m\000e\000t\000r\000i\000c\000\040\260\264\000\040\000t\000r\000u\000s\000t\000\040\000p\000e\000n\000a\000l\000t\000y}{section.4}% 7
\BOOKMARK [2][-]{subsection.4.3}{\376\377\000B\000l\000a\000c\000k\000l\000i\000s\000t\000\040\310\025\314\105}{section.4}% 8
\BOOKMARK [1][-]{section.5}{\376\377\255\154\326\004}{}% 9
\BOOKMARK [1][-]{section.6}{\376\377\302\344\325\330\000\040\301\044\310\025}{}% 10
\BOOKMARK [2][-]{subsection.6.1}{\376\377\321\240\323\364\270\134\311\300}{section.6}% 11
\BOOKMARK [2][-]{subsection.6.2}{\376\377\302\334\260\230\271\254\306\044}{section.6}% 12
\BOOKMARK [2][-]{subsection.6.3}{\376\377\302\244\307\025\000\040\274\017\000\040\323\311\254\000\311\300\324\134}{section.6}% 13
\BOOKMARK [1][-]{section.7}{\376\377\254\260\254\374\000\040\255\154\301\061\000\040\000\050\263\160\307\164\321\060\000\040\326\125\310\025\000\040\310\004\000\040\321\134\325\014\271\277\000\051}{}% 14
\BOOKMARK [2][-]{subsection.7.1}{\376\377\254\365\254\251\000\040\305\306\307\114\000\040\310\160\254\164\307\130\000\040\254\365\310\025\301\061}{section.7}% 15
\BOOKMARK [2][-]{subsection.7.2}{\376\377\254\365\254\251\271\140\000\040\311\235\254\000\305\320\000\040\265\060\271\170\000\040\254\025\254\164\301\061}{section.7}% 16
\BOOKMARK [2][-]{subsection.7.3}{\376\377\000T\000r\000u\000s\000t\000\040\326\250\254\374\306\100\000\040\254\365\254\251\307\220\000\040\261\170\315\234}{section.7}% 17
\BOOKMARK [2][-]{subsection.7.4}{\376\377\301\040\320\335\000\040\254\260\254\374\000:\000\040\260\264\275\200\000\040\263\331\307\221}{section.7}% 18
\BOOKMARK [1][-]{section.8}{\376\377\320\300\262\371\301\061\000\040\307\004\326\021}{}% 19
\BOOKMARK [1][-]{section.9}{\376\377\254\260\270\140}{}% 20
